[2025-09-30 18:51:49] [ERROR]: ❌ Erro de conexão com PostgreSQL: connect ECONNREFUSED ::1:5432
[2026-02-11 17:52:03] [ERROR]: ❌ Erro de conexão com PostgreSQL: the database system is starting up
[2026-02-11 17:52:03] [ERROR]: ❌ Erro ao buscar id_funil: the database system is starting up
[2026-02-11 17:52:13] [ERROR]: 🔥 Erro não tratado: the database system is starting up
[2026-02-11 18:21:17] [ERROR]: ❌ Erro de conexão com PostgreSQL: the database system is starting up
[2026-02-11 18:21:17] [ERROR]: ❌ Erro ao buscar id_funil: the database system is starting up
[2026-02-11 22:31:22] [ERROR]: ❌ Erro ao buscar id_funil: the database system is starting up
[2026-02-11 22:31:22] [ERROR]: ❌ Erro de conexão com PostgreSQL: the database system is starting up
[2026-02-12 17:30:38] [ERROR]: ❌ Erro de conexão com PostgreSQL: the database system is not yet accepting connections
[2026-02-12 17:30:38] [ERROR]: ❌ Erro ao buscar id_funil: the database system is not yet accepting connections
[2026-02-18 17:34:39] [ERROR]: ❌ Erro de conexão com PostgreSQL: the database system is starting up
[2026-02-18 17:34:39] [ERROR]: ❌ Erro ao buscar id_funil: the database system is starting up
[2026-02-19 16:50:15] [ERROR]: ❌ Erro ao buscar id_funil: the database system is starting up
[2026-02-19 16:50:15] [ERROR]: ❌ Erro de conexão com PostgreSQL: the database system is starting up
[2026-02-19 19:48:45] [ERROR]: ❌ Erro de conexão com PostgreSQL: the database system is starting up
[2026-02-19 19:48:45] [ERROR]: ❌ Erro ao buscar id_funil: the database system is starting up
[2026-02-19 21:22:24] [ERROR]: ❌ Erro ao buscar id_funil: the database system is starting up
[2026-02-19 21:22:24] [ERROR]: ❌ Erro de conexão com PostgreSQL: the database system is starting up
[2026-02-20 16:46:33] [ERROR]: ❌ Erro de conexão com PostgreSQL: the database system is starting up
[2026-02-20 16:46:33] [ERROR]: ❌ Erro ao buscar id_funil: the database system is starting up
[2026-02-20 18:03:45] [ERROR]: ❌ Erro de conexão com PostgreSQL: the database system is starting up
[2026-02-20 18:03:45] [ERROR]: ❌ Erro ao buscar id_funil: the database system is starting up
[2026-02-20 19:50:19] [ERROR]: ❌ Erro de conexão com PostgreSQL: the database system is starting up
[2026-02-20 19:50:19] [ERROR]: ❌ Erro ao buscar id_funil: the database system is starting up
[2026-02-20 19:52:46] [ERROR]: ❌ Erro ao enviar mensagem WhatsApp
[2026-02-20 19:52:46] [ERROR]: ❌ Webhook error: Request failed with status code 500
[2026-02-20 19:57:57] [ERROR]: ❌ Erro ao enviar mensagem WhatsApp
[2026-02-20 19:57:57] [ERROR]: ❌ Webhook error: Request failed with status code 500
[2026-02-20 20:05:10] [ERROR]: ❌ Erro ao enviar mensagem WhatsApp
[2026-02-20 20:05:10] [ERROR]: ❌ Webhook error: Request failed with status code 500
[2026-02-20 20:05:11] [ERROR]: ❌ Erro ao enviar mensagem WhatsApp
[2026-02-20 20:05:11] [ERROR]: ❌ Webhook error: Request failed with status code 500
[2026-02-20 20:05:18] [ERROR]: ❌ Erro ao enviar mensagem WhatsApp
[2026-02-20 20:05:18] [ERROR]: ❌ Webhook error: Request failed with status code 500
[2026-02-20 20:05:19] [ERROR]: ❌ Erro ao enviar mensagem WhatsApp
[2026-02-20 20:05:19] [ERROR]: ❌ Webhook error: Request failed with status code 500
[2026-02-20 20:05:20] [ERROR]: ❌ Erro ao enviar mensagem WhatsApp
[2026-02-20 20:05:20] [ERROR]: ❌ Webhook error: Request failed with status code 500
[2026-02-20 20:05:21] [ERROR]: ❌ Erro ao enviar mensagem WhatsApp
[2026-02-20 20:05:21] [ERROR]: ❌ Webhook error: Request failed with status code 500
[2026-02-20 20:05:22] [ERROR]: ❌ Erro ao enviar mensagem WhatsApp
[2026-02-20 20:05:22] [ERROR]: ❌ Webhook error: Request failed with status code 500
[2026-02-20 20:05:22] [ERROR]: ❌ Erro ao enviar mensagem WhatsApp
[2026-02-20 20:05:22] [ERROR]: ❌ Webhook error: Request failed with status code 500
[2026-02-20 20:05:23] [ERROR]: ❌ Erro ao enviar mensagem WhatsApp
[2026-02-20 20:05:23] [ERROR]: ❌ Webhook error: Request failed with status code 500
[2026-02-20 20:05:24] [ERROR]: ❌ Erro ao enviar mensagem WhatsApp
[2026-02-20 20:05:24] [ERROR]: ❌ Webhook error: Request failed with status code 500
[2026-02-20 20:05:25] [ERROR]: ❌ Erro ao enviar mensagem WhatsApp
[2026-02-20 20:05:25] [ERROR]: ❌ Webhook error: Request failed with status code 500
[2026-02-20 20:05:26] [ERROR]: ❌ Erro ao enviar mensagem WhatsApp
[2026-02-20 20:05:26] [ERROR]: ❌ Webhook error: Request failed with status code 500
[2026-02-20 20:05:27] [ERROR]: ❌ Erro ao enviar mensagem WhatsApp
[2026-02-20 20:05:27] [ERROR]: ❌ Webhook error: Request failed with status code 500
[2026-02-20 20:05:28] [ERROR]: ❌ Erro ao enviar mensagem WhatsApp
[2026-02-20 20:05:28] [ERROR]: ❌ Webhook error: Request failed with status code 500
[2026-02-20 20:05:29] [ERROR]: ❌ Erro ao enviar mensagem WhatsApp
[2026-02-20 20:05:29] [ERROR]: ❌ Webhook error: Request failed with status code 500
[2026-02-20 20:05:30] [ERROR]: ❌ Erro ao enviar mensagem WhatsApp
[2026-02-20 20:05:30] [ERROR]: ❌ Webhook error: Request failed with status code 500
[2026-02-20 20:05:31] [ERROR]: ❌ Erro ao enviar mensagem WhatsApp
[2026-02-20 20:05:31] [ERROR]: ❌ Webhook error: Request failed with status code 500
[2026-02-20 20:05:32] [ERROR]: ❌ Erro ao enviar mensagem WhatsApp
[2026-02-20 20:05:32] [ERROR]: ❌ Webhook error: Request failed with status code 500
[2026-02-20 20:10:25] [ERROR]: ❌ Erro ao enviar mensagem WhatsApp
[2026-02-20 20:10:25] [ERROR]: ❌ Webhook error: Request failed with status code 500
[2026-02-23 17:37:49] [ERROR]: ❌ Erro de conexão com PostgreSQL: the database system is starting up
[2026-02-23 17:37:49] [ERROR]: ❌ Erro ao buscar id_funil: the database system is starting up
[2026-02-24 19:48:35] [ERROR]: ❌ Erro ao buscar id_funil: the database system is starting up
[2026-02-24 19:48:35] [ERROR]: ❌ Erro de conexão com PostgreSQL: the database system is starting up
[2026-02-25 17:50:12] [ERROR]: ❌ Erro de conexão com PostgreSQL: the database system is starting up
[2026-02-25 17:50:12] [ERROR]: ❌ Erro ao buscar id_funil: the database system is starting up
[2026-02-25 18:07:13] [ERROR]: ❌ Erro de conexão com PostgreSQL: the database system is starting up
[2026-02-25 18:07:13] [ERROR]: ❌ Erro ao buscar id_funil: the database system is starting up
[2026-02-25 18:11:25] [ERROR]: ❌ Erro ao buscar id_funil: the database system is starting up
[2026-02-25 18:11:25] [ERROR]: ❌ Erro de conexão com PostgreSQL: the database system is starting up
[2026-02-25 18:35:30] [ERROR]: ❌ Erro de conexão com PostgreSQL: the database system is starting up
[2026-02-25 18:35:30] [ERROR]: ❌ Erro ao buscar id_funil: the database system is starting up
[2026-02-26 17:00:45] [ERROR]: ❌ Erro ao buscar id_funil: the database system is starting up
[2026-02-26 17:00:45] [ERROR]: ❌ Erro de conexão com PostgreSQL: the database system is starting up
[2026-02-26 18:13:13] [ERROR]: ❌ Erro de conexão com PostgreSQL: the database system is starting up
[2026-02-26 18:13:13] [ERROR]: ❌ Erro ao buscar id_funil: the database system is starting up
[2026-02-26 19:12:21] [ERROR]: ❌ Erro de conexão com PostgreSQL: the database system is starting up
[2026-02-26 19:12:21] [ERROR]: ❌ Erro ao buscar id_funil: the database system is starting up
[2026-02-27 19:49:22] [ERROR]: ❌ Erro de conexão com PostgreSQL: the database system is starting up
[2026-02-27 19:49:22] [ERROR]: ❌ Erro ao buscar id_funil: the database system is starting up
[2026-02-27 20:03:31] [ERROR]: ❌ Erro de conexão com PostgreSQL: the database system is starting up
[2026-02-27 20:03:31] [ERROR]: ❌ Erro ao buscar id_funil: the database system is starting up
[2026-02-27 20:10:08] [ERROR]: ❌ Erro de conexão com PostgreSQL: the database system is starting up
[2026-02-27 20:10:08] [ERROR]: ❌ Erro ao buscar id_funil: the database system is starting up
[2026-03-02 19:02:14] [ERROR]: ❌ Erro de conexão com PostgreSQL: the database system is starting up
[2026-03-02 19:02:14] [ERROR]: ❌ Erro ao buscar id_funil: the database system is starting up
[2026-03-02 19:45:45] [ERROR]: ❌ Erro de conexão com PostgreSQL: the database system is starting up
[2026-03-02 19:45:45] [ERROR]: ❌ Erro ao buscar id_funil: the database system is starting up
[2026-03-02 20:37:12] [ERROR]: ❌ Erro de conexão com PostgreSQL: the database system is starting up
[2026-03-02 20:37:12] [ERROR]: ❌ Erro ao buscar id_funil: the database system is starting up
[2026-03-02 21:03:10] [ERROR]: ❌ Erro ao buscar id_funil: the database system is starting up
[2026-03-02 21:03:10] [ERROR]: ❌ Erro de conexão com PostgreSQL: the database system is starting up
[2026-03-03 21:36:25] [ERROR]: ❌ Erro de conexão com PostgreSQL: the database system is starting up
[2026-03-03 21:36:25] [ERROR]: ❌ Erro ao buscar id_funil: the database system is starting up
[2026-03-04 21:14:55] [ERROR]: ❌ Erro ao buscar id_funil: the database system is starting up
[2026-03-04 21:14:55] [ERROR]: ❌ Erro de conexão com PostgreSQL: the database system is starting up
[2026-03-04 22:04:29] [ERROR]: ❌ Erro de conexão com PostgreSQL: the database system is starting up
[2026-03-04 22:04:29] [ERROR]: ❌ Erro ao buscar id_funil: the database system is starting up
[2026-03-04 22:05:53] [ERROR]: ❌ Erro de conexão com PostgreSQL: the database system is starting up
[2026-03-04 22:05:53] [ERROR]: ❌ Erro ao buscar id_funil: the database system is starting up
[2026-03-04 22:05:56] [ERROR]: 🔥 Erro não tratado: the database system is starting up
[2026-03-04 22:05:56] [ERROR]: 🔥 Erro não tratado: the database system is starting up
[2026-03-05 18:24:19] [ERROR]: ❌ Webhook error: value too long for type character varying(20)
[2026-03-05 18:25:20] [ERROR]: ❌ Webhook error: value too long for type character varying(20)
[2026-03-05 18:25:21] [ERROR]: ❌ Webhook error: InstanceModel.getByNome is not a function
[2026-03-05 18:25:24] [ERROR]: ❌ Webhook error: value too long for type character varying(20)
[2026-03-05 18:25:24] [ERROR]: ❌ Webhook error: value too long for type character varying(20)
[2026-03-05 18:25:24] [ERROR]: ❌ Webhook error: value too long for type character varying(20)
[2026-03-05 18:25:25] [ERROR]: ❌ Webhook error: InstanceModel.getByNome is not a function
[2026-03-05 18:25:25] [ERROR]: ❌ Webhook error: InstanceModel.getByNome is not a function
[2026-03-05 18:25:25] [ERROR]: ❌ Webhook error: value too long for type character varying(20)
[2026-03-05 18:25:25] [ERROR]: ❌ Webhook error: value too long for type character varying(20)
[2026-03-05 18:25:25] [ERROR]: ❌ Webhook error: value too long for type character varying(20)
[2026-03-05 18:25:27] [ERROR]: ❌ Webhook error: InstanceModel.getByNome is not a function
[2026-03-05 18:25:28] [ERROR]: ❌ Webhook error: value too long for type character varying(20)
[2026-03-05 18:25:29] [ERROR]: ❌ Webhook error: InstanceModel.getByNome is not a function
[2026-03-05 18:25:41] [ERROR]: ❌ Webhook error: value too long for type character varying(20)
[2026-03-05 18:25:49] [ERROR]: ❌ Webhook error: value too long for type character varying(20)
[2026-03-05 18:26:03] [ERROR]: ❌ Webhook error: InstanceModel.getByNome is not a function
[2026-03-05 18:26:11] [ERROR]: ❌ Webhook error: value too long for type character varying(20)
[2026-03-05 18:26:24] [ERROR]: ❌ Webhook error: value too long for type character varying(20)
[2026-03-05 18:27:09] [ERROR]: ❌ Webhook error: value too long for type character varying(20)
[2026-03-05 18:27:28] [ERROR]: ❌ Webhook error: value too long for type character varying(20)
[2026-03-05 18:27:41] [ERROR]: ❌ Webhook error: value too long for type character varying(20)
[2026-03-05 18:27:51] [ERROR]: ❌ Webhook error: value too long for type character varying(20)
[2026-03-05 18:28:08] [ERROR]: ❌ Webhook error: value too long for type character varying(20)
[2026-03-05 18:28:17] [ERROR]: ❌ Webhook error: value too long for type character varying(20)
[2026-03-05 18:28:35] [ERROR]: ❌ Webhook error: value too long for type character varying(20)
[2026-03-05 18:28:40] [ERROR]: ❌ Webhook error: value too long for type character varying(20)
[2026-03-05 18:28:50] [ERROR]: ❌ Webhook error: value too long for type character varying(20)
[2026-03-05 18:29:19] [ERROR]: ❌ Webhook error: value too long for type character varying(20)
[2026-03-05 18:29:31] [ERROR]: ❌ Webhook error: value too long for type character varying(20)
[2026-03-05 18:29:44] [ERROR]: ❌ Webhook error: value too long for type character varying(20)
[2026-03-05 18:29:54] [ERROR]: ❌ Webhook error: value too long for type character varying(20)
[2026-03-05 18:31:07] [ERROR]: ❌ Webhook error: value too long for type character varying(20)
[2026-03-05 18:32:20] [ERROR]: ❌ Webhook error: value too long for type character varying(20)
[2026-03-05 18:34:05] [ERROR]: ❌ Webhook error: value too long for type character varying(20)
[2026-03-05 18:36:42] [ERROR]: ❌ Webhook error: value too long for type character varying(20)
[2026-03-05 18:36:47] [ERROR]: ❌ Webhook error: value too long for type character varying(20)
[2026-03-05 18:36:51] [ERROR]: ❌ Webhook error: value too long for type character varying(20)
[2026-03-05 18:38:37] [ERROR]: ❌ Webhook error: value too long for type character varying(20)
[2026-03-05 18:38:57] [ERROR]: ❌ Webhook error: InstanceModel.getByNome is not a function
[2026-03-05 18:39:23] [ERROR]: ❌ Webhook error: value too long for type character varying(20)
[2026-03-05 18:39:39] [ERROR]: ❌ Webhook error: InstanceModel.getByNome is not a function
[2026-03-05 18:40:03] [ERROR]: ❌ Webhook error: value too long for type character varying(20)
[2026-03-05 18:45:01] [ERROR]: ❌ Webhook error: InstanceModel.getByNome is not a function
[2026-03-05 18:49:56] [ERROR]: ❌ Webhook error: InstanceModel.getByNome is not a function
[2026-03-05 18:51:20] [ERROR]: ❌ Webhook error: InstanceModel.getByNome is not a function
[2026-03-05 18:54:38] [ERROR]: ❌ Webhook error: InstanceModel.getByNome is not a function
[2026-03-05 18:55:30] [ERROR]: ❌ Webhook error: value too long for type character varying(20)
[2026-03-05 18:55:39] [ERROR]: ❌ Webhook error: InstanceModel.getByNome is not a function
[2026-03-05 18:55:57] [ERROR]: ❌ Webhook error: value too long for type character varying(20)
[2026-03-05 19:02:53] [ERROR]: ❌ Webhook error: InstanceModel.getByNome is not a function
[2026-03-05 19:12:42] [ERROR]: ❌ Webhook error: value too long for type character varying(20)
[2026-03-05 19:15:12] [ERROR]: ❌ Webhook error: InstanceModel.getByNome is not a function
[2026-03-05 19:20:18] [ERROR]: ❌ Webhook error: InstanceModel.getByNome is not a function
[2026-03-05 19:23:12] [ERROR]: ❌ Webhook error: InstanceModel.getByNome is not a function
[2026-03-05 19:28:01] [ERROR]: ❌ Webhook error: InstanceModel.getByNome is not a function
[2026-03-05 19:28:04] [ERROR]: ❌ Webhook error: InstanceModel.getByNome is not a function
[2026-03-05 19:28:11] [ERROR]: ❌ Webhook error: InstanceModel.getByNome is not a function
[2026-03-05 19:31:59] [ERROR]: ❌ Webhook error: InstanceModel.getByNome is not a function
[2026-03-05 19:32:05] [ERROR]: ❌ Webhook error: InstanceModel.getByNome is not a function
[2026-03-05 19:35:49] [ERROR]: ❌ Webhook error: InstanceModel.getByNome is not a function
[2026-03-05 19:35:52] [ERROR]: ❌ Webhook error: InstanceModel.getByNome is not a function
[2026-03-05 19:39:07] [ERROR]: ❌ Webhook error: InstanceModel.getByNome is not a function
[2026-03-05 19:39:20] [ERROR]: ❌ Webhook error: InstanceModel.getByNome is not a function
[2026-03-05 19:43:08] [ERROR]: ❌ Webhook error: InstanceModel.getByNome is not a function
[2026-03-05 19:46:33] [ERROR]: ❌ Webhook error: InstanceModel.getByNome is not a function
[2026-03-05 19:46:47] [ERROR]: ❌ Webhook error: InstanceModel.getByNome is not a function
[2026-03-05 19:46:56] [ERROR]: ❌ Webhook error: InstanceModel.getByNome is not a function
[2026-03-05 19:47:09] [ERROR]: ❌ Webhook error: InstanceModel.getByNome is not a function
[2026-03-05 19:47:11] [ERROR]: ❌ Webhook error: InstanceModel.getByNome is not a function
[2026-03-05 19:47:15] [ERROR]: ❌ Webhook error: InstanceModel.getByNome is not a function
[2026-03-05 19:47:53] [ERROR]: ❌ Webhook error: InstanceModel.getByNome is not a function
[2026-03-05 19:50:27] [ERROR]: ❌ Webhook error: InstanceModel.getByNome is not a function
[2026-03-05 19:50:40] [ERROR]: ❌ Webhook error: InstanceModel.getByNome is not a function
[2026-03-05 19:50:54] [ERROR]: ❌ Webhook error: InstanceModel.getByNome is not a function
[2026-03-05 19:51:11] [ERROR]: ❌ Webhook error: InstanceModel.getByNome is not a function
[2026-03-05 19:51:45] [ERROR]: ❌ Webhook error: InstanceModel.getByNome is not a function
[2026-03-05 19:51:48] [ERROR]: ❌ Webhook error: InstanceModel.getByNome is not a function
[2026-03-05 19:55:28] [ERROR]: ❌ Webhook error: InstanceModel.getByNome is not a function
[2026-03-05 19:55:57] [ERROR]: ❌ Webhook error: InstanceModel.getByNome is not a function
[2026-03-05 19:56:13] [ERROR]: ❌ Webhook error: InstanceModel.getByNome is not a function
[2026-03-05 19:56:46] [ERROR]: ❌ Webhook error: InstanceModel.getByNome is not a function
[2026-03-05 19:57:45] [ERROR]: ❌ Webhook error: InstanceModel.getByNome is not a function
[2026-03-05 19:58:01] [ERROR]: ❌ Webhook error: InstanceModel.getByNome is not a function
[2026-03-05 19:58:35] [ERROR]: ❌ Webhook error: InstanceModel.getByNome is not a function
[2026-03-05 19:58:47] [ERROR]: ❌ Webhook error: InstanceModel.getByNome is not a function
[2026-03-05 19:58:55] [ERROR]: ❌ Webhook error: InstanceModel.getByNome is not a function
[2026-03-05 19:59:03] [ERROR]: ❌ Webhook error: InstanceModel.getByNome is not a function
[2026-03-05 19:59:08] [ERROR]: ❌ Webhook error: InstanceModel.getByNome is not a function
[2026-03-05 19:59:10] [ERROR]: ❌ Webhook error: InstanceModel.getByNome is not a function
[2026-03-05 19:59:24] [ERROR]: ❌ Webhook error: InstanceModel.getByNome is not a function
[2026-03-05 19:59:32] [ERROR]: ❌ Webhook error: InstanceModel.getByNome is not a function
[2026-03-05 19:59:37] [ERROR]: ❌ Webhook error: InstanceModel.getByNome is not a function
[2026-03-05 20:00:22] [ERROR]: ❌ Webhook error: InstanceModel.getByNome is not a function
[2026-03-05 20:00:34] [ERROR]: ❌ Webhook error: InstanceModel.getByNome is not a function
[2026-03-05 20:00:47] [ERROR]: ❌ Webhook error: InstanceModel.getByNome is not a function
[2026-03-05 20:00:56] [ERROR]: ❌ Webhook error: InstanceModel.getByNome is not a function
[2026-03-05 20:01:28] [ERROR]: ❌ Webhook error: InstanceModel.getByNome is not a function
[2026-03-05 20:04:31] [ERROR]: ❌ Webhook error: value too long for type character varying(20)
[2026-03-05 20:06:53] [ERROR]: ❌ Webhook error: value too long for type character varying(20)
[2026-03-05 20:07:22] [ERROR]: ❌ Webhook error: InstanceModel.getByNome is not a function
[2026-03-05 20:21:58] [ERROR]: ❌ Webhook error: InstanceModel.getByNome is not a function
[2026-03-05 20:22:00] [ERROR]: ❌ Webhook error: InstanceModel.getByNome is not a function
[2026-03-05 20:22:34] [ERROR]: ❌ Webhook error: InstanceModel.getByNome is not a function
[2026-03-05 20:22:44] [ERROR]: ❌ Webhook error: InstanceModel.getByNome is not a function
[2026-03-05 20:23:46] [ERROR]: ❌ Webhook error: InstanceModel.getByNome is not a function
[2026-03-05 20:25:16] [ERROR]: ❌ Webhook error: InstanceModel.getByNome is not a function
[2026-03-05 20:26:11] [ERROR]: ❌ Webhook error: value too long for type character varying(20)
[2026-03-05 20:26:15] [ERROR]: ❌ Webhook error: value too long for type character varying(20)
[2026-03-05 20:26:45] [ERROR]: ❌ Webhook error: value too long for type character varying(20)
[2026-03-05 20:27:03] [ERROR]: ❌ Webhook error: InstanceModel.getByNome is not a function
[2026-03-05 20:27:05] [ERROR]: ❌ Webhook error: value too long for type character varying(20)
[2026-03-05 20:27:32] [ERROR]: ❌ Webhook error: value too long for type character varying(20)
[2026-03-05 20:27:34] [ERROR]: ❌ Webhook error: value too long for type character varying(20)
[2026-03-05 20:27:41] [ERROR]: ❌ Webhook error: value too long for type character varying(20)
[2026-03-05 20:27:50] [ERROR]: ❌ Webhook error: value too long for type character varying(20)
[2026-03-05 20:27:59] [ERROR]: ❌ Webhook error: value too long for type character varying(20)
[2026-03-05 20:28:01] [ERROR]: ❌ Webhook error: value too long for type character varying(20)
[2026-03-05 20:28:10] [ERROR]: ❌ Webhook error: value too long for type character varying(20)
[2026-03-05 20:28:42] [ERROR]: ❌ Webhook error: InstanceModel.getByNome is not a function
[2026-03-05 20:28:42] [ERROR]: ❌ Webhook error: value too long for type character varying(20)
[2026-03-05 20:28:50] [ERROR]: ❌ Webhook error: value too long for type character varying(20)
[2026-03-05 20:29:09] [ERROR]: ❌ Webhook error: value too long for type character varying(20)
[2026-03-05 20:29:14] [ERROR]: ❌ Webhook error: value too long for type character varying(20)
[2026-03-05 20:29:43] [ERROR]: ❌ Webhook error: value too long for type character varying(20)
[2026-03-05 20:29:57] [ERROR]: ❌ Webhook error: InstanceModel.getByNome is not a function
[2026-03-05 20:30:25] [ERROR]: ❌ Webhook error: value too long for type character varying(20)
[2026-03-05 20:30:26] [ERROR]: ❌ Webhook error: value too long for type character varying(20)
[2026-03-05 20:30:44] [ERROR]: ❌ Webhook error: InstanceModel.getByNome is not a function
[2026-03-05 20:30:51] [ERROR]: ❌ Webhook error: value too long for type character varying(20)
[2026-03-05 20:31:22] [ERROR]: ❌ Webhook error: value too long for type character varying(20)
[2026-03-05 20:31:26] [ERROR]: ❌ Webhook error: InstanceModel.getByNome is not a function
[2026-03-05 20:31:43] [ERROR]: ❌ Webhook error: value too long for type character varying(20)
[2026-03-05 20:33:18] [ERROR]: ❌ Webhook error: value too long for type character varying(20)
[2026-03-05 20:33:24] [ERROR]: ❌ Webhook error: value too long for type character varying(20)
[2026-03-05 20:33:28] [ERROR]: ❌ Webhook error: InstanceModel.getByNome is not a function
[2026-03-05 20:34:09] [ERROR]: ❌ Webhook error: InstanceModel.getByNome is not a function
[2026-03-05 20:35:23] [ERROR]: ❌ Webhook error: InstanceModel.getByNome is not a function
[2026-03-05 20:35:37] [ERROR]: ❌ Webhook error: InstanceModel.getByNome is not a function
[2026-03-05 20:36:07] [ERROR]: ❌ Webhook error: InstanceModel.getByNome is not a function
[2026-03-05 20:37:18] [ERROR]: ❌ Webhook error: InstanceModel.getByNome is not a function
[2026-03-05 20:38:40] [ERROR]: ❌ Webhook error: InstanceModel.getByNome is not a function
[2026-03-05 20:38:56] [ERROR]: ❌ Webhook error: InstanceModel.getByNome is not a function
[2026-03-05 20:39:38] [ERROR]: ❌ Webhook error: InstanceModel.getByNome is not a function
[2026-03-05 20:40:16] [ERROR]: ❌ Webhook error: InstanceModel.getByNome is not a function
[2026-03-05 20:43:23] [ERROR]: ❌ Webhook error: InstanceModel.getByNome is not a function
[2026-03-05 20:46:29] [ERROR]: ❌ Webhook error: InstanceModel.getByNome is not a function
[2026-03-05 20:46:58] [ERROR]: ❌ Webhook error: InstanceModel.getByNome is not a function
[2026-03-05 20:49:01] [ERROR]: ❌ Webhook error: InstanceModel.getByNome is not a function
[2026-03-05 20:49:44] [ERROR]: ❌ Webhook error: value too long for type character varying(20)
[2026-03-05 20:49:47] [ERROR]: ❌ Webhook error: value too long for type character varying(20)
[2026-03-05 20:50:05] [ERROR]: ❌ Webhook error: InstanceModel.getByNome is not a function
[2026-03-05 20:54:39] [ERROR]: ❌ Webhook error: value too long for type character varying(20)
[2026-03-05 21:02:17] [ERROR]: ❌ Webhook error: value too long for type character varying(20)
[2026-03-05 21:11:14] [ERROR]: ❌ Webhook error: value too long for type character varying(20)
[2026-03-05 21:11:18] [ERROR]: ❌ Webhook error: value too long for type character varying(20)
[2026-03-05 21:16:59] [ERROR]: ❌ Webhook error: value too long for type character varying(20)
[2026-03-05 21:17:58] [ERROR]: ❌ Webhook error: value too long for type character varying(20)
[2026-03-05 21:32:58] [ERROR]: ❌ Webhook error: InstanceModel.getByNome is not a function
[2026-03-05 21:39:17] [ERROR]: ❌ Webhook error: InstanceModel.getByNome is not a function
[2026-03-05 21:40:48] [ERROR]: ❌ Webhook error: InstanceModel.getByNome is not a function
[2026-03-05 21:41:48] [ERROR]: ❌ Webhook error: InstanceModel.getByNome is not a function
[2026-03-05 21:42:08] [ERROR]: ❌ Webhook error: InstanceModel.getByNome is not a function
[2026-03-05 21:42:50] [ERROR]: ❌ Webhook error: InstanceModel.getByNome is not a function
[2026-03-05 21:45:56] [ERROR]: ❌ Webhook error: InstanceModel.getByNome is not a function
[2026-03-05 21:51:02] [ERROR]: ❌ Webhook error: InstanceModel.getByNome is not a function
[2026-03-05 21:51:04] [ERROR]: ❌ Webhook error: InstanceModel.getByNome is not a function
[2026-03-05 21:55:39] [ERROR]: ❌ Webhook error: InstanceModel.getByNome is not a function
[2026-03-05 21:55:51] [ERROR]: ❌ Webhook error: InstanceModel.getByNome is not a function
[2026-03-05 21:56:08] [ERROR]: ❌ Webhook error: value too long for type character varying(20)
[2026-03-05 21:57:20] [ERROR]: ❌ Webhook error: InstanceModel.getByNome is not a function
[2026-03-05 22:00:07] [ERROR]: ❌ Webhook error: InstanceModel.getByNome is not a function
[2026-03-05 22:03:05] [ERROR]: ❌ Webhook error: InstanceModel.getByNome is not a function
[2026-03-05 22:05:04] [ERROR]: ❌ Webhook error: InstanceModel.getByNome is not a function
[2026-03-05 22:11:38] [ERROR]: ❌ Webhook error: InstanceModel.getByNome is not a function
[2026-03-05 22:13:14] [ERROR]: ❌ Webhook error: value too long for type character varying(20)
[2026-03-05 22:14:03] [ERROR]: ❌ Webhook error: value too long for type character varying(20)
[2026-03-05 22:14:15] [ERROR]: ❌ Webhook error: value too long for type character varying(20)
[2026-03-05 22:15:35] [ERROR]: ❌ Webhook error: InstanceModel.getByNome is not a function
[2026-03-05 22:16:30] [ERROR]: ❌ Webhook error: value too long for type character varying(20)
[2026-03-05 22:16:30] [ERROR]: ❌ Webhook error: value too long for type character varying(20)
[2026-03-05 22:16:30] [ERROR]: ❌ Webhook error: value too long for type character varying(20)
[2026-03-05 22:16:31] [ERROR]: ❌ Webhook error: value too long for type character varying(20)
[2026-03-05 22:16:31] [ERROR]: ❌ Webhook error: value too long for type character varying(20)
[2026-03-05 22:17:08] [ERROR]: ❌ Webhook error: value too long for type character varying(20)
[2026-03-05 22:18:00] [ERROR]: ❌ Webhook error: value too long for type character varying(20)
[2026-03-05 22:19:35] [ERROR]: ❌ Webhook error: InstanceModel.getByNome is not a function
[2026-03-05 22:24:28] [ERROR]: ❌ Webhook error: InstanceModel.getByNome is not a function
[2026-03-05 22:29:16] [ERROR]: ❌ Webhook error: value too long for type character varying(20)
[2026-03-05 22:32:24] [ERROR]: ❌ Webhook error: value too long for type character varying(20)
[2026-03-05 22:32:54] [ERROR]: ❌ Webhook error: value too long for type character varying(20)
[2026-03-05 22:38:34] [ERROR]: ❌ Webhook error: value too long for type character varying(20)
[2026-03-05 22:39:27] [ERROR]: ❌ Webhook error: value too long for type character varying(20)
[2026-03-05 22:39:39] [ERROR]: ❌ Webhook error: value too long for type character varying(20)
[2026-03-05 22:41:16] [ERROR]: ❌ Webhook error: value too long for type character varying(20)
[2026-03-05 22:42:38] [ERROR]: ❌ Webhook error: InstanceModel.getByNome is not a function
[2026-03-05 22:43:43] [ERROR]: ❌ Webhook error: InstanceModel.getByNome is not a function
[2026-03-05 22:45:41] [ERROR]: ❌ Webhook error: value too long for type character varying(20)
[2026-03-05 22:46:06] [ERROR]: ❌ Webhook error: value too long for type character varying(20)
[2026-03-05 22:46:12] [ERROR]: ❌ Webhook error: value too long for type character varying(20)
[2026-03-05 22:46:26] [ERROR]: ❌ Webhook error: value too long for type character varying(20)
[2026-03-05 22:46:55] [ERROR]: ❌ Webhook error: value too long for type character varying(20)
[2026-03-05 22:46:55] [ERROR]: ❌ Webhook error: value too long for type character varying(20)
[2026-03-05 22:47:15] [ERROR]: ❌ Webhook error: value too long for type character varying(20)
[2026-03-05 22:47:37] [ERROR]: ❌ Webhook error: value too long for type character varying(20)
[2026-03-05 22:47:46] [ERROR]: ❌ Webhook error: value too long for type character varying(20)
[2026-03-05 22:48:12] [ERROR]: ❌ Webhook error: value too long for type character varying(20)
[2026-03-05 22:48:39] [ERROR]: ❌ Webhook error: value too long for type character varying(20)
[2026-03-05 22:54:26] [ERROR]: ❌ Webhook error: InstanceModel.getByNome is not a function
[2026-03-05 22:54:35] [ERROR]: ❌ Webhook error: InstanceModel.getByNome is not a function
[2026-03-05 22:54:58] [ERROR]: ❌ Webhook error: InstanceModel.getByNome is not a function
[2026-03-05 22:55:02] [ERROR]: ❌ Webhook error: InstanceModel.getByNome is not a function
[2026-03-05 22:55:05] [ERROR]: ❌ Webhook error: InstanceModel.getByNome is not a function
[2026-03-05 22:59:04] [ERROR]: ❌ Webhook error: value too long for type character varying(20)
[2026-03-05 22:59:08] [ERROR]: ❌ Webhook error: value too long for type character varying(20)
[2026-03-05 23:00:06] [ERROR]: ❌ Webhook error: InstanceModel.getByNome is not a function
[2026-03-05 23:00:49] [ERROR]: ❌ Webhook error: InstanceModel.getByNome is not a function
[2026-03-05 23:01:06] [ERROR]: ❌ Webhook error: InstanceModel.getByNome is not a function
[2026-03-05 23:05:41] [ERROR]: ❌ Webhook error: InstanceModel.getByNome is not a function
[2026-03-05 23:11:58] [ERROR]: ❌ Webhook error: value too long for type character varying(20)
[2026-03-05 23:12:07] [ERROR]: ❌ Webhook error: value too long for type character varying(20)
[2026-03-05 23:12:13] [ERROR]: ❌ Webhook error: value too long for type character varying(20)
[2026-03-05 23:12:16] [ERROR]: ❌ Webhook error: value too long for type character varying(20)
[2026-03-05 23:13:35] [ERROR]: ❌ Webhook error: InstanceModel.getByNome is not a function
[2026-03-05 23:16:12] [ERROR]: ❌ Webhook error: InstanceModel.getByNome is not a function
[2026-03-05 23:16:33] [ERROR]: ❌ Webhook error: InstanceModel.getByNome is not a function
[2026-03-05 23:16:35] [ERROR]: ❌ Webhook error: InstanceModel.getByNome is not a function
[2026-03-06 16:45:12] [ERROR]: ❌ Erro ao buscar id_funil: the database system is starting up
[2026-03-06 16:45:12] [ERROR]: ❌ Erro de conexão com PostgreSQL: the database system is starting up
[2026-03-06 18:36:00] [ERROR]: ❌ Erro de conexão com PostgreSQL: the database system is starting up
[2026-03-06 18:36:00] [ERROR]: ❌ Erro ao buscar id_funil: the database system is starting up
[2026-03-06 18:46:46] [ERROR]: ❌ Webhook error: InstanceModel.getByNome is not a function
[2026-03-06 18:52:37] [ERROR]: ❌ Webhook error: InstanceModel.getByNome is not a function
[2026-03-06 18:53:57] [ERROR]: ❌ Webhook error: InstanceModel.getByNome is not a function
[2026-03-10 16:10:50] [ERROR]: ❌ Webhook error: InstanceModel.getByNome is not a function
[2026-03-10 16:11:41] [ERROR]: ❌ Webhook error: InstanceModel.getByNome is not a function
[2026-03-10 16:11:53] [ERROR]: ❌ Webhook error: InstanceModel.getByNome is not a function
[2026-03-10 16:11:54] [ERROR]: ❌ Webhook error: InstanceModel.getByNome is not a function
[2026-03-10 16:14:39] [ERROR]: ❌ Webhook error: value too long for type character varying(20)
[2026-03-10 16:15:54] [ERROR]: ❌ Webhook error: value too long for type character varying(20)
[2026-03-10 16:16:16] [ERROR]: ❌ Webhook error: value too long for type character varying(20)
[2026-03-10 16:20:47] [ERROR]: ❌ Webhook error: InstanceModel.getByNome is not a function
[2026-03-10 16:21:09] [ERROR]: ❌ Webhook error: InstanceModel.getByNome is not a function
[2026-03-10 16:32:23] [ERROR]: ❌ Webhook error: invalid input syntax for type timestamp: "0NaN-NaN-NaNTNaN:NaN:NaN.NaN+NaN:NaN"
